// Jest Snapshot v1, https://goo.gl/fbAQLP

exports[`<Dialog /> 다이얼로그의 Title과 Description이 스냅샷과 일치해야 합니다 1`] = `
<div
  class="sc-gswNZR ebuQKt"
/>
`;
